[www.bambooevents.co.in/index.html]
[backblue.gif]
[fade.gif]
[index.html]
[www.bambooevents.co.in/fonts/design.graffiti.comicsansmsgras.ttf]
[www.bambooevents.co.in/404.html]
[www.bambooevents.co.in/images/favicon.png]
[www.bambooevents.co.in/css/bootstrap.min.css]
[www.bambooevents.co.in/css/animate.css]
[www.bambooevents.co.in/css/owl.carousel.css]
[www.bambooevents.co.in/css/font-awesome.css]
[www.bambooevents.co.in/css/themify-icons.css]
[www.bambooevents.co.in/css/flaticon.css]
[www.bambooevents.co.in/revolution/css/layers.css]
[www.bambooevents.co.in/revolution/css/settings.css]
[www.bambooevents.co.in/css/prettyPhoto.css]
[www.bambooevents.co.in/css/shortcodes.css]
[www.bambooevents.co.in/css/main.css]
[www.bambooevents.co.in/css/responsive.css]
[www.bambooevents.co.in/index-2.html]
[www.bambooevents.co.in/images/logo-white.png]
[www.bambooevents.co.in/images/logo1.webp]
[www.bambooevents.co.in/top-event-management-companies.html]
[www.bambooevents.co.in/event-managements-services-sangamner.html]
[www.bambooevents.co.in/top-event-management-gallery.html]
[www.bambooevents.co.in/the-royal-event-planner-faq.html]
[www.bambooevents.co.in/contact-the-royal-events-sangamner.html]
[www.bambooevents.co.in/the-royal-event-planner-enquiry.html]
[www.bambooevents.co.in/images/slides/bannersss9.webp]
[www.bambooevents.co.in/images/slides/birthday-slide2.webp]
[www.bambooevents.co.in/images/slides/corporate-slide1.webp]
[www.bambooevents.co.in/images/slides/corporate-slidess2.webp]
[www.bambooevents.co.in/images/slides/corporate-slide3.webp]
[www.bambooevents.co.in/images/slides/sangeet-slidess1 .webp]
[www.bambooevents.co.in/images/slides/sangeet-slide2.webp]
[www.bambooevents.co.in/images/slides/wedding-slide1.webp]
[www.bambooevents.co.in/images/slides/wedding-slide2.webp]
[www.bambooevents.co.in/images/slides/banner2.webp]
[www.bambooevents.co.in/images/slides/banner8.webp]
[www.bambooevents.co.in/images/ds-1.webp]
[www.bambooevents.co.in/wedding-planner-sangamner-india.html]
[www.bambooevents.co.in/images/new/wedding2.webp]
[www.bambooevents.co.in/corporate-event-management-companies.html]
[www.bambooevents.co.in/images/new/corporate2.webp]
[www.bambooevents.co.in/birthday-party-event-management.html]
[www.bambooevents.co.in/images/new/birthday2.webp]
[www.bambooevents.co.in/housewarmig-functions-organizer.html]
[www.bambooevents.co.in/images/house-warming.webp]
[www.bambooevents.co.in/puberty-event-function-organizer.html]
[www.bambooevents.co.in/images/puberty-functions.webp]
[www.bambooevents.co.in/engagement-planner-sangamner.html]
[www.bambooevents.co.in/images/engagement.webp]
[www.bambooevents.co.in/top-best-destination-wedding-planners.html]
[www.bambooevents.co.in/product-launch-event-organizers-chennai.html]
[www.bambooevents.co.in/company-award-ceremony-event-planner.html]
[www.bambooevents.co.in/virtual-online-event-management-organizers.html]
[www.bambooevents.co.in/corporate-social-event-planner-india.html]
[www.bambooevents.co.in/exhibition-stall-design-fabricators-services.html]
[www.bambooevents.co.in/baby-naming-ceremony-events.html]
[www.bambooevents.co.in/bangle-ceremony-event-valaikappu-function.html]
[www.bambooevents.co.in/sangeet-mehendi-ceremony-sangamner.html]
[www.bambooevents.co.in/wedding-anniversary-event-planner.html]
[www.bambooevents.co.in/school-college-alumni-event-planners.html]
[www.bambooevents.co.in/js/jquery.min.js]
[www.bambooevents.co.in/js/tether.min.js]
[www.bambooevents.co.in/js/bootstrap.min.js]
[www.bambooevents.co.in/js/jquery.easing.js]
[www.bambooevents.co.in/js/jquery-waypoints.js]
[www.bambooevents.co.in/js/owl.carousel.js]
[www.bambooevents.co.in/js/jquery.prettyPhoto.js]
[www.bambooevents.co.in/js/numinate.min69596959.js]
[www.bambooevents.co.in/js/main.js]
[cdnjs.cloudflare.com/ajax/libs/OwlCarousel2/2.3.4/owl.carousel.js]
[www.bambooevents.co.in/index.html]
[cdnjs.cloudflare.com/ajax/libs/Counter-Up/1.0.0/jquery.counterup.min.js]
[www.bambooevents.co.in/images/oops.png]
[www.bambooevents.co.in/404.html]
[www.googletagmanager.com/gtm5445.html]
[www.bambooevents.co.in/css/bootstrap.min.css]
[www.bambooevents.co.in/css/animate.css]
[www.bambooevents.co.in/css/owl.carousel.css]
[www.bambooevents.co.in/fonts/fontawesome-webfont5b625b62.eot]
[www.bambooevents.co.in/fonts/fontawesome-webfontd41dd41d.eot]
[www.bambooevents.co.in/fonts/fontawesome-webfont5b625b62.woff2]
[www.bambooevents.co.in/fonts/fontawesome-webfont5b625b62.woff]
[www.bambooevents.co.in/fonts/fontawesome-webfont5b625b62.ttf]
[www.bambooevents.co.in/css/font-awesome.css]
[www.bambooevents.co.in/fonts/fontawesome-webfont5b625b62.svg]
[www.bambooevents.co.in/fonts/themify9f249f24.eot]
[www.bambooevents.co.in/fonts/themifyd41dd41d.eot]
[www.bambooevents.co.in/fonts/themify9f249f24.woff]
[www.bambooevents.co.in/fonts/themify9f249f24.ttf]
[www.bambooevents.co.in/css/themify-icons.css]
[www.bambooevents.co.in/fonts/themify9f249f24.svg]
[www.bambooevents.co.in/fonts/flaticon27be.ttf]
[www.bambooevents.co.in/fonts/flaticon27be.woff]
[www.bambooevents.co.in/fonts/flaticon27be.woff2]
[www.bambooevents.co.in/fonts/flaticon27be.eot]
[www.bambooevents.co.in/css/flaticon.css]
[www.bambooevents.co.in/revolution/css/layers.css]
[www.bambooevents.co.in/fonts/flaticon27be.svg]
[www.bambooevents.co.in/revolution/fonts/revicons/revicons90c690c690c6.eot]
[www.bambooevents.co.in/revolution/fonts/revicons/revicons90c690c690c6.woff]
[www.bambooevents.co.in/revolution/fonts/revicons/revicons90c690c690c6.ttf]
[www.bambooevents.co.in/revolution/fonts/revicons/revicons90c690c690c6.svg]
[www.bambooevents.co.in/revolution/css/openhand.html]
[www.bambooevents.co.in/revolution/css/closedhand.html]
[www.bambooevents.co.in/revolution/assets/gridtile.html]
[www.bambooevents.co.in/revolution/assets/gridtile_white.html]
[www.bambooevents.co.in/revolution/assets/gridtile_3x3.html]
[www.bambooevents.co.in/revolution/assets/gridtile_3x3_white.html]
[www.bambooevents.co.in/revolution/assets/coloredbg.html]
[www.bambooevents.co.in/revolution/css/settings.css]
[www.bambooevents.co.in/revolution/assets/loader.html]
[www.bambooevents.co.in/css/prettyPhoto.css]
[www.bambooevents.co.in/images/contact-us-glass.webp]
[www.bambooevents.co.in/images/line-bgimg.png]
[www.bambooevents.co.in/images/line-bgimg2.png]
[www.bambooevents.co.in/css/shortcodes.css]
[www.bambooevents.co.in/css/main.css]
[www.bambooevents.co.in/css/responsive.css]
[www.bambooevents.co.in/index-2.html]
[www.bambooevents.co.in/images/about1.webp]
[www.bambooevents.co.in/images/about2.webp]
[www.bambooevents.co.in/images/about3.webp]
[www.bambooevents.co.in/images/about4.webp]
[www.bambooevents.co.in/images/wedding-planner.webp]
[www.bambooevents.co.in/images/corporate-events.webp]
[www.bambooevents.co.in/images/birthday party.webp]
[www.bambooevents.co.in/top-event-management-companies.html]
[www.bambooevents.co.in/images/new/destination-wedding.png]
[www.bambooevents.co.in/images/new/product-launch-event.png]
[www.bambooevents.co.in/images/new/award-ceremony-event.png]
[www.bambooevents.co.in/images/events-in-virtual-mode.jpg]
[www.bambooevents.co.in/images/new/corporate-social-event.png]
[www.bambooevents.co.in/images/stall9.webp]
[www.bambooevents.co.in/images/baby-naming-caremony.webp]
[www.bambooevents.co.in/images/puberty-function.webp]
[www.bambooevents.co.in/images/bangle-ceramony.webp]
[www.bambooevents.co.in/images/sangeet-mehandi.webp]
[www.bambooevents.co.in/images/categories_1.webp]
[www.bambooevents.co.in/images/alumini-meet.webp]
[www.bambooevents.co.in/event-managements-services-sangamner.html]
[www.bambooevents.co.in/images/gallery/wedding1.webp]
[www.bambooevents.co.in/images/gallery/wedding2.webp]
[www.bambooevents.co.in/images/gallery/wedding3.webp]
[www.bambooevents.co.in/images/gallery/wedding4.webp]
[www.bambooevents.co.in/images/gallery/wedding5.webp]
[www.bambooevents.co.in/images/gallery/wedding6.webp]
[www.bambooevents.co.in/images/gallery/wedding7.webp]
[www.bambooevents.co.in/images/gallery/wedding9.webp]
[www.bambooevents.co.in/images/gallery/wedding10.webp]
[www.bambooevents.co.in/images/gallery/wedding12.webp]
[www.bambooevents.co.in/images/gallery/wedding13.webp]
[www.bambooevents.co.in/images/gallery/wedding14.webp]
[www.bambooevents.co.in/images/gallery/wedding15.webp]
[www.bambooevents.co.in/images/gallery/wedding16.webp]
[www.bambooevents.co.in/images/gallery/wedding17.webp]
[www.bambooevents.co.in/images/gallery/wedding18.webp]
[www.bambooevents.co.in/images/gallery/wedding19.webp]
[www.bambooevents.co.in/images/gallery/wedding20.webp]
[www.bambooevents.co.in/images/gallery/wedding21.webp]
[www.bambooevents.co.in/images/gallery/wedding22.webp]
[www.bambooevents.co.in/images/gallery/wedding23.webp]
[www.bambooevents.co.in/images/gallery/wedding24.webp]
[www.bambooevents.co.in/images/gallery/wedding25.webp]
[www.bambooevents.co.in/images/gallery/wedding26.webp]
[www.bambooevents.co.in/images/gallery/wedding27.webp]
[www.bambooevents.co.in/images/gallery/wedding28.webp]
[www.bambooevents.co.in/images/gallery/wedding29.webp]
[www.bambooevents.co.in/images/gallery/wedding30.webp]
[www.bambooevents.co.in/images/gallery/wedding31.webp]
[www.bambooevents.co.in/images/gallery/wedding32.webp]
[www.bambooevents.co.in/images/gallery/wedding33.webp]
[www.bambooevents.co.in/images/gallery/wedding34.webp]
[www.bambooevents.co.in/images/gallery/wedding35.webp]
[www.bambooevents.co.in/images/gallery/wedding36.webp]
[www.bambooevents.co.in/images/gallery/wedding37.webp]
[www.bambooevents.co.in/images/gallery/wedding38.webp]
[www.bambooevents.co.in/images/gallery/wedding39.webp]
[www.bambooevents.co.in/images/gallery/wedding40.webp]
[www.bambooevents.co.in/images/gallery/wedding41.webp]
[www.bambooevents.co.in/images/gallery/wedding42.webp]
[www.bambooevents.co.in/images/gallery/wedding8.webp]
[www.bambooevents.co.in/images/gallery/gallery-6.webp]
[www.bambooevents.co.in/images/gallery/gallery-1.webp]
[www.bambooevents.co.in/images/gallery/gallery1.webp]
[www.bambooevents.co.in/images/gallery/gallery2.webp]
[www.bambooevents.co.in/images/gallery/gallery3.webp]
[www.bambooevents.co.in/images/gallery/gallery4.webp]
[www.bambooevents.co.in/images/gallery/gallery5.webp]
[www.bambooevents.co.in/images/gallery/gallery6.webp]
[www.bambooevents.co.in/images/gallery/gallery7.webp]
[www.bambooevents.co.in/images/gallery/gallery8.webp]
[www.bambooevents.co.in/images/gallery/gallery9.webp]
[www.bambooevents.co.in/images/gallery/gallery10.webp]
[www.bambooevents.co.in/images/gallery/gallery11.webp]
[www.bambooevents.co.in/images/gallery/gallery12.webp]
[www.bambooevents.co.in/images/gallery/gallery13.webp]
[www.bambooevents.co.in/images/gallery/gallery14.webp]
[www.bambooevents.co.in/images/gallery/gallery-5.webp]
[www.bambooevents.co.in/top-event-management-gallery.html]
[www.bambooevents.co.in/the-royal-event-planner-faq.html]
[www.google.com/recaptcha/apid0dd.js]
[www.bambooevents.co.in/js/jquery-validate.js]
[www.google.com/recaptcha/api.js]
[www.bambooevents.co.in/contact-the-royal-events-sangamner.html]
[www.bambooevents.co.in/the-royal-event-planner-enquiry.html]
[www.bambooevents.co.in/images/new/wedding7.webp]
[www.bambooevents.co.in/images/new/wedding8.webp]
[www.bambooevents.co.in/images/new/wedding9.webp]
[www.bambooevents.co.in/images/new/wedding10.webp]
[www.bambooevents.co.in/images/new/wedding3.webp]
[www.bambooevents.co.in/images/new/wedding4.webp]
[www.bambooevents.co.in/images/new/wedding5.webp]
[www.bambooevents.co.in/images/new/wedding6.webp]
[www.bambooevents.co.in/images/silver-wedding-package.webp]
[www.bambooevents.co.in/images/gold-wedding-package.webp]
[www.bambooevents.co.in/images/platinum-weddinng-package.webp]
[www.bambooevents.co.in/images/marriage-hall-silver-package.webp]
[www.bambooevents.co.in/images/wedding-hall-gold-package.webp]
[www.bambooevents.co.in/images/marriage-hall-platinum-package.webp]
[www.bambooevents.co.in/images/new/wedding1.webp]
[www.bambooevents.co.in/images/new/corporate1.webp]
[www.bambooevents.co.in/images/new/birthday1.webp]
[www.bambooevents.co.in/images/stall10.webp]
[www.bambooevents.co.in/images/destination-wedding-planner.jpg]
[www.bambooevents.co.in/images/product-launch-events.jpg]
[www.bambooevents.co.in/images/award-ceremony-events.jpg]
[www.bambooevents.co.in/images/corporate-social-events.jpg]
[www.bambooevents.co.in/revolution/js/jquery.themepunch.tools.min.js]
[www.bambooevents.co.in/revolution/js/jquery.themepunch.revolution.min.js]
[www.bambooevents.co.in/revolution/js/slider.js]
[www.bambooevents.co.in/revolution/js/extensions/revolution.extension.actions.min.js]
[www.bambooevents.co.in/revolution/js/extensions/revolution.extension.carousel.min.js]
[www.bambooevents.co.in/revolution/js/extensions/revolution.extension.kenburn.min.js]
[www.bambooevents.co.in/revolution/js/extensions/revolution.extension.layeranimation.min.js]
[www.bambooevents.co.in/revolution/js/extensions/revolution.extension.migration.min.js]
[www.bambooevents.co.in/revolution/js/extensions/revolution.extension.navigation.min.js]
[www.bambooevents.co.in/revolution/js/extensions/revolution.extension.parallax.min.js]
[www.bambooevents.co.in/revolution/js/extensions/revolution.extension.slideanims.min.js]
[www.bambooevents.co.in/wedding-planner-sangamner-india.html]
[www.bambooevents.co.in/images/new/corporate7.webp]
[www.bambooevents.co.in/images/new/corporate8.webp]
[www.bambooevents.co.in/images/new/corporate9.webp]
[www.bambooevents.co.in/images/new/corporate10.webp]
[www.bambooevents.co.in/images/new/corporate3.webp]
[www.bambooevents.co.in/images/new/corporate4.webp]
[www.bambooevents.co.in/images/new/corporate5.webp]
[www.bambooevents.co.in/images/new/corporate6.webp]
[www.bambooevents.co.in/corporate-event-management-companies.html]
[www.bambooevents.co.in/images/new/birthday7.webp]
[www.bambooevents.co.in/images/new/birthday8.webp]
[www.bambooevents.co.in/images/new/birthday9.webp]
[www.bambooevents.co.in/images/new/birthday10.webp]
[www.bambooevents.co.in/images/new/birthday3.webp]
[www.bambooevents.co.in/images/new/birthday4.webp]
[www.bambooevents.co.in/images/new/birthday5.webp]
[www.bambooevents.co.in/images/new/birthday6.webp]
[www.bambooevents.co.in/birthday-party-event-management.html]
[www.bambooevents.co.in/images/gallery/houswarming-1.webp]
[www.bambooevents.co.in/images/gallery/houswarming-2.webp]
[www.bambooevents.co.in/images/gallery/houswarming-1-tumbnail.webp]
[www.bambooevents.co.in/images/gallery/houswarming-2-tumbnail.webp]
[www.bambooevents.co.in/images/image8.webp]
[www.bambooevents.co.in/images/image7.webp]
[www.bambooevents.co.in/images/image6.webp]
[www.bambooevents.co.in/images/image5.webp]
[www.bambooevents.co.in/housewarmig-functions-organizer.html]
[www.bambooevents.co.in/images/gallery/puberty1.webp]
[www.bambooevents.co.in/images/gallery/puberty2.webp]
[www.bambooevents.co.in/images/gallery/puberty3.webp]
[www.bambooevents.co.in/images/gallery/puberty4.webp]
[www.bambooevents.co.in/images/puberty5.webp]
[www.bambooevents.co.in/images/puberty6.webp]
[www.bambooevents.co.in/images/puberty7.webp]
[www.bambooevents.co.in/images/puberty8.webp]
[www.bambooevents.co.in/images/puberty-function-ceremony.webp]
[www.bambooevents.co.in/puberty-event-function-organizer.html]
[www.bambooevents.co.in/images/gallery/engagement-event-1.webp]
[www.bambooevents.co.in/images/gallery/engagement-event-2.webp]
[www.bambooevents.co.in/images/gallery/engagement-event-1-tumbnail.webp]
[www.bambooevents.co.in/images/gallery/engagement-event-2-tumbnail.webp]
[www.bambooevents.co.in/images/image1.webp]
[www.bambooevents.co.in/images/image2.webp]
[www.bambooevents.co.in/images/image3.webp]
[www.bambooevents.co.in/images/image4.webp]
[www.bambooevents.co.in/images/engagement-package-service.webp]
[www.bambooevents.co.in/engagement-planner-sangamner.html]
[www.bambooevents.co.in/images/best-destination-wedding.png]
[www.bambooevents.co.in/images/destination-wedding-event.png]
[www.bambooevents.co.in/images/destination-wedding-organizer.png]
[www.bambooevents.co.in/images/destination-wedding-planning-company.png]
[www.bambooevents.co.in/images/new/beach-wedding-planners.png]
[www.bambooevents.co.in/images/new/destination-wedding-event-management.png]
[www.bambooevents.co.in/images/new/destination-wedding-planner.png]
[www.bambooevents.co.in/images/new/hills-station-wedding-event-planner.png]
[www.bambooevents.co.in/top-best-destination-wedding-planners.html]
[www.bambooevents.co.in/images/new/product-launch-event-company.png]
[www.bambooevents.co.in/images/new/product-launch-event-management.png]
[www.bambooevents.co.in/images/new/product-launch-function-organizer-sangamner.png]
[www.bambooevents.co.in/images/new/best-product-launch-planning-company.png]
[www.bambooevents.co.in/images/new/product-launch-event-management-service.png]
[www.bambooevents.co.in/images/new/product-launch-event-planner.png]
[www.bambooevents.co.in/images/new/new-product-launch-event-planner.png]
[www.bambooevents.co.in/product-launch-event-organizers-chennai.html]
[www.bambooevents.co.in/images/new/product-launch-event-organizer.png]
[www.bambooevents.co.in/images/new/award-ceremony-event-planner.png]
[www.bambooevents.co.in/images/new/award-function-event-management.png]
[www.bambooevents.co.in/images/new/company-award-ceremony-event-planner.png]
[www.bambooevents.co.in/images/new/company-award-planner-sangamner.png]
[www.bambooevents.co.in/images/new/award-function-planner-sangamner.png]
[www.bambooevents.co.in/images/new/award-function-event-organizer.png]
[www.bambooevents.co.in/images/new/company-award-ceremony-organizer.png]
[www.bambooevents.co.in/images/new/company-award-ceremony.png]
[www.bambooevents.co.in/company-award-ceremony-event-planner.html]
[www.bambooevents.co.in/images/new/virtual/online-event-expo.webp]
[www.bambooevents.co.in/images/new/virtual/online-events-plan.webp]
[www.bambooevents.co.in/images/new/virtual/online-event-experience.webp]
[www.bambooevents.co.in/images/new/virtual/virtual-carrer-fair.webp]
[www.bambooevents.co.in/images/new/virtual/register-online-events.webp]
[www.bambooevents.co.in/images/new/virtual/virtual-event-attender.webp]
[www.bambooevents.co.in/images/new/virtual/virtual-event-lobby.webp]
[www.bambooevents.co.in/images/new/virtual/virtual-meetings-events.webp]
[www.bambooevents.co.in/virtual-online-event-management-organizers.html]
[www.bambooevents.co.in/images/new/social-event-organizer.png]
[www.bambooevents.co.in/images/new/corporate-event-planner-sangamner.png]
[www.bambooevents.co.in/images/new/corporate-social-event-management.png]
[www.bambooevents.co.in/images/new/social-event-organizer-india.png]
[www.bambooevents.co.in/images/new/social-event-management-company.png]
[www.bambooevents.co.in/images/new/corporate-event-planner.png]
[www.bambooevents.co.in/images/new/corporate-social-event-planner.png]
[www.bambooevents.co.in/images/new/social-event-planner.png]
[www.bambooevents.co.in/corporate-social-event-planner-india.html]
[www.bambooevents.co.in/images/gallery/stall4.webp]
[www.bambooevents.co.in/images/gallery/stall2.webp]
[www.bambooevents.co.in/images/gallery/stall1.webp]
[www.bambooevents.co.in/images/gallery/stall3.webp]
[www.bambooevents.co.in/images/stall7.webp]
[www.bambooevents.co.in/images/stall6.webp]
[www.bambooevents.co.in/images/stall8.webp]
[www.bambooevents.co.in/images/stall5.webp]
[www.bambooevents.co.in/exhibition-stall-design-fabricators-services.html]
[www.bambooevents.co.in/images/gallery/baby-naming5.webp]
[www.bambooevents.co.in/images/gallery/baby-naming6.webp]
[www.bambooevents.co.in/images/gallery/baby-naming7.webp]
[www.bambooevents.co.in/images/gallery/baby-naming8.webp]
[www.bambooevents.co.in/images/baby-naming1.webp]
[www.bambooevents.co.in/images/baby-naming2.webp]
[www.bambooevents.co.in/images/baby-naming3.webp]
[www.bambooevents.co.in/images/baby-naming4.webp]
[www.bambooevents.co.in/baby-naming-ceremony-events.html]
[www.bambooevents.co.in/images/gallery/bangle5.webp]
[www.bambooevents.co.in/images/gallery/bangle6.webp]
[www.bambooevents.co.in/images/gallery/bangle7.webp]
[www.bambooevents.co.in/images/bangle1.webp]
[www.bambooevents.co.in/images/bangle2.webp]
[www.bambooevents.co.in/images/bangle3.webp]
[www.bambooevents.co.in/images/bangle4.webp]
[www.bambooevents.co.in/bangle-ceremony-event-valaikappu-function.html]
[www.bambooevents.co.in/images/bangle-ceremony-package.webp]
[www.bambooevents.co.in/images/new/sangeet9.webp]
[www.bambooevents.co.in/images/new/sangeet7.webp]
[www.bambooevents.co.in/images/new/sangeet8.webp]
[www.bambooevents.co.in/images/gallery/mehandi5.webp]
[www.bambooevents.co.in/images/new/sangeet3.webp]
[www.bambooevents.co.in/images/new/sangeet4.webp]
[www.bambooevents.co.in/images/new/sangeet5.webp]
[www.bambooevents.co.in/images/new/sangeet6.webp]
[www.bambooevents.co.in/sangeet-mehendi-ceremony-sangamner.html]
[www.bambooevents.co.in/images/gallery/anniversary5.webp]
[www.bambooevents.co.in/images/gallery/anniversary6.webp]
[www.bambooevents.co.in/images/gallery/anniversary7.webp]
[www.bambooevents.co.in/images/gallery/anniversary8.webp]
[www.bambooevents.co.in/images/anniversary4.webp]
[www.bambooevents.co.in/images/anniversary3.webp]
[www.bambooevents.co.in/images/anniversary2.webp]
[www.bambooevents.co.in/images/anniversary1.webp]
[www.bambooevents.co.in/wedding-anniversary-event-planner.html]
[www.bambooevents.co.in/images/gallery/alumni-meet-1.webp]
[www.bambooevents.co.in/images/gallery/alumni4.webp]
[www.bambooevents.co.in/images/gallery/alumni5.webp]
[www.bambooevents.co.in/images/alumni6.webp]
[www.bambooevents.co.in/images/alumni1.webp]
[www.bambooevents.co.in/images/alumni2.webp]
[www.bambooevents.co.in/images/alumni3.webp]
[www.bambooevents.co.in/school-college-alumni-event-planners.html]
[www.bambooevents.co.in/fonts/fontawesome-webfont5b625b62.svg]
[www.bambooevents.co.in/fonts/themify9f249f24.svg]
[www.bambooevents.co.in/fonts/flaticon27be.svg]
[www.bambooevents.co.in/revolution/fonts/revicons/revicons90c690c690c6.svg]
[connect.facebook.net/en_US/fbevents.js]
[themetechmount.com/wp-includes/css/dist/block-library/style.min0606.css]
[themetechmount.com/wp-content/plugins/contact-form-7/includes/css/stylesbdeb.css]
[themetechmount.com/wp-includes/js/jquery/jquery-migrate.min330a.js]
[themetechmount.com/wp-includes/js/jquery/jquery4a5f.js]
[abs.twimg.com/emoji/v1/72x72/1f447.png]
[abs.twimg.com/emoji/v1/72x72/1f483.png]
[themetechmount.com/wp-includes/js/wp-embed.min0606.js]
[www.bambooevents.co.in/revolution/css/openhand.html]
[www.bambooevents.co.in/revolution/css/closedhand.html]
[www.bambooevents.co.in/revolution/assets/gridtile.html]
[www.bambooevents.co.in/revolution/assets/gridtile_white.html]
[www.bambooevents.co.in/revolution/assets/gridtile_3x3.html]
[www.bambooevents.co.in/revolution/assets/gridtile_3x3_white.html]
[www.bambooevents.co.in/revolution/assets/coloredbg.html]
[www.bambooevents.co.in/revolution/assets/loader.html]
[connect.facebook.net/en_US/fbevents.js]
[themetechmount.com/wp-includes/css/dist/block-library/style.min0606.css]
[themetechmount.com/wp-content/plugins/contact-form-7/includes/css/stylesbdeb.css]
[themetechmount.com/wp-content/plugins/revslider/public/assets/css/settingsf542.html]
[themetechmount.com/wp-content/plugins/js_composer/assets/lib/bower/font-awesome/css/font-awesome.mine23c.html]
[themetechmount.com/wp-content/themes/themetechmount/assets/themify-icons/themify-icons0606.html]
[themetechmount.com/wp-content/themes/themetechmount/assets/perfect-scrollbar/perfect-scrollbar.min0606.html]
[themetechmount.com/wp-content/themes/themetechmount/assets/chrisbracco-tooltip/chrisbracco-tooltip.min0606.html]
[themetechmount.com/wp-content/themes/themetechmount/css/multi-columns-row0606.html]
[themetechmount.com/wp-content/themes/themetechmount/assets/select2/select2.min0606.html]
[themetechmount.com/wp-content/plugins/js_composer/assets/lib/bower/flexslider/flexslider.mine23c.html]
[themetechmount.com/wp-content/themes/themetechmount/assets/tm-themetechmount-icons/css/tm-themetechmount-icons0606.html]
[themetechmount.com/wp-content/themes/themetechmount/assets/themetechmount-themetechmount-extra-icons/font/flaticon0606.html]
[themetechmount.com/wp-content/themes/themetechmount/assets/slick/slick0606.html]
[themetechmount.com/wp-content/themes/themetechmount/assets/slick/slick-theme0606.html]
[themetechmount.com/wp-content/plugins/js_composer/assets/lib/prettyphoto/css/prettyPhoto.mine23c.html]
[themetechmount.com/wp-content/themes/themetechmount/css/bootstrap.min0606.html]
[themetechmount.com/wp-content/themes/themetechmount/css/bootstrap-theme.min0606.html]
[themetechmount.com/wp-content/plugins/js_composer/assets/css/js_composer_tta.min0606.html]
[themetechmount.com/wp-content/themes/themetechmount/css/base.min0606.html]
[themetechmount.com/wp-content/plugins/js_composer/assets/css/js_composer.mine23c.html]
[themetechmount.com/wp-content/themes/themetechmount/css/main.min0606.html]
[themetechmount.com/wp-content/uploads/2019/06/titlebar-bg.html]
[themetechmount.com/wp-content/uploads/2019/07/main-bg.html]
[themetechmount.com/wp-content/themes/themetechmount/css/responsive.min0606.html]
[themetechmount.com/wp-content/themes/themetechmount/css/themetechmount-last-checkpoint.min0606.html]
[themetechmount.com/wp-content/plugins/revslider/public/assets/js/jquery.themepunch.tools.minf542.html]
[themetechmount.com/wp-content/plugins/revslider/public/assets/js/jquery.themepunch.revolution.minf542.html]
[themetechmount.com/wp-content/plugins/themetechmount-themetechmount-extras/js/jquery-resize.min0606.html]
[themetechmount.com/wp-content/uploads/2019/07/cropped-favicon-32x32.html]
[themetechmount.com/wp-content/uploads/2019/07/cropped-favicon-192x192.html]
[themetechmount.com/wp-content/uploads/2019/07/cropped-favicon-180x180.html]
[themetechmount.com/wp-content/uploads/2019/07/logo.html]
[themetechmount.com/wp-content/uploads/2019/06/footer-logo-1.html]
[themetechmount.com/wp-content/plugins/contact-form-7/includes/js/scriptsbdeb.html]
[themetechmount.com/wp-content/themes/themetechmount/assets/perfect-scrollbar/perfect-scrollbar.jquery.min0606.html]
[themetechmount.com/wp-content/themes/themetechmount/assets/select2/select2.min0606-2.html]
[themetechmount.com/wp-content/themes/themetechmount/assets/isotope/isotope.pkgd.min0606.html]
[themetechmount.com/wp-content/themes/themetechmount/assets/jquery-mousewheel/jquery.mousewheel.min0606.html]
[themetechmount.com/wp-content/themes/themetechmount/assets/flexslider/jquery.flexslider-min0606.html]
[themetechmount.com/wp-content/themes/themetechmount/assets/sticky-kit/jquery.sticky-kit.min0606.html]
[themetechmount.com/wp-content/themes/themetechmount/assets/slick/slick.min0606.html]
[themetechmount.com/wp-content/plugins/js_composer/assets/lib/prettyphoto/js/jquery.prettyPhoto.mine23c.html]
[themetechmount.com/wp-content/plugins/js_composer/assets/js/dist/js_composer_front.mine23c.html]
[themetechmount.com/wp-content/themes/themetechmount/js/functions.min5152.html]
[themetechmount.com/wp-content/plugins/mailchimp-for-wp/assets/js/forms.min7bcd.html]
[www.bambooevents.co.in/revolution/css/schema.org/index.html]
[localhost/themetechmount/wp-content/themes/nutrico/nutrico/images/floatingbar-bg.jpg]
[localhost/themetechmount/wp-content/themes/nutrico/nutrico/images/404-page-bg.jpg]
[localhost/themetechmount/wp-content/themes/nutrico/nutrico/images/uconstruction-bg.jpg]
